=== Step 1: Current rate check (Public) ===
{ rate: 25.5, from: 'MYR', to: 'BDT', display: '1 MYR = 25.50 BDT' }

=== Step 2: Admin login ===
Admin Token received

=== Step 3: Rate history ===
[]

=== Step 4: Rate update ===
{ statusCode: 500, message: 'Internal server error' }

=== Step 5: Rate verify ===
{ rate: 25.5, from: 'MYR', to: 'BDT', display: '1 MYR = 25.50 BDT' }

=== Step 6: History verify ===
[]

=== Step 7: Withdrawal (getting user token first) ===
Trying withdrawal...
{
  message: 'Insufficient balance. Current: 0.00 MYR, Required: 20.78 MYR',
  error: 'Bad Request',
  statusCode: 400
}
